// Jest Snapshot v1, https://goo.gl/fbAQLP

exports[`VenueRSVP (default) should match snapshot 1`] = `
<Fragment>
  <button
    className="qa-toggle-rsvp"
    disabled={false}
    onClick={[Function]}
  >
    Add RSVP
  </button>
</Fragment>
`;

exports[`VenueRSVP (open) should match snapshot 1`] = `
<Fragment>
  <button
    className="qa-toggle-rsvp"
    disabled={true}
    onClick={[Function]}
  >
    Add RSVP
  </button>
  <div
    className="c-venue-form"
  >
    <input
      className="c-venue-form__time qa-change-time"
      maxLength="100"
      onChange={[Function]}
      placeholder="Time (e.g. 9:00 PM)"
      value=""
    />
    <input
      className="c-venue-form__message qa-change-message"
      maxLength="100"
      onChange={[Function]}
      placeholder="Message"
      value=""
    />
    <button
      className="c-venue-form__submit qa-click-submit"
      onClick={[Function]}
    >
      Submit
    </button>
    <button
      className="c-venue-form__cancel qa-click-cancel"
      onClick={[Function]}
    >
      Cancel
    </button>
  </div>
</Fragment>
`;
