// Jest Snapshot v1, https://goo.gl/fbAQLP

exports[`Form should match snapshot 1`] = `
<Fragment>
  <FormMenu
    actions={
      Object {
        "formAddOption": [MockFunction],
        "formCheckTitle": [MockFunction],
        "formClearState": [MockFunction],
        "formRemoveOption": [MockFunction],
        "formSetAdd": [MockFunction],
        "formSetTitle": [MockFunction],
        "formToggleDelete": [MockFunction],
        "formToggleSecret": [MockFunction],
        "listClearState": [MockFunction],
        "listSetSearch": [MockFunction],
        "metaAddErrors": [MockFunction],
        "metaCloseError": [MockFunction],
        "metaCreatePoll": [MockFunction],
        "metaDeletePoll": [MockFunction],
        "metaGetPollItem": [MockFunction],
        "metaGetPollList": [MockFunction],
        "metaGetUser": [MockFunction],
        "metaLogAction": [MockFunction],
        "metaNoOp": [MockFunction],
        "metaSetLoading": [MockFunction],
        "metaSetState": [MockFunction],
        "metaTimeoutError": [MockFunction],
        "metaToggleDelete": [MockFunction],
        "pollAddOption": [MockFunction],
        "pollCastVote": [MockFunction],
        "pollRemoveOption": [MockFunction],
        "pollRemoveVote": [MockFunction],
        "pollToggleFlag": [MockFunction],
        "pollToggleHide": [MockFunction],
        "pollToggleSecret": [MockFunction],
        "viewClearState": [MockFunction],
        "viewSetAdd": [MockFunction],
        "viewToggleDelete": [MockFunction],
        "viewToggleSettings": [MockFunction],
      }
    }
    data={
      Object {
        "account": Object {
          "delete": false,
        },
        "errors": Array [],
        "form": Object {
          "add": "",
          "delete": false,
          "options": Array [],
          "secret": false,
          "title": "",
        },
        "list": Object {
          "data": Array [],
          "search": "",
        },
        "loading": 0,
        "log": Array [],
        "user": Object {},
        "view": Object {
          "add": "",
          "data": Array [],
          "delete": false,
          "settings": false,
        },
      }
    }
    history={
      Object {
        "push": [MockFunction],
      }
    }
    location={Object {}}
    match={Object {}}
    staticContext={Object {}}
  />
  <FormPoll
    actions={
      Object {
        "formAddOption": [MockFunction],
        "formCheckTitle": [MockFunction],
        "formClearState": [MockFunction],
        "formRemoveOption": [MockFunction],
        "formSetAdd": [MockFunction],
        "formSetTitle": [MockFunction],
        "formToggleDelete": [MockFunction],
        "formToggleSecret": [MockFunction],
        "listClearState": [MockFunction],
        "listSetSearch": [MockFunction],
        "metaAddErrors": [MockFunction],
        "metaCloseError": [MockFunction],
        "metaCreatePoll": [MockFunction],
        "metaDeletePoll": [MockFunction],
        "metaGetPollItem": [MockFunction],
        "metaGetPollList": [MockFunction],
        "metaGetUser": [MockFunction],
        "metaLogAction": [MockFunction],
        "metaNoOp": [MockFunction],
        "metaSetLoading": [MockFunction],
        "metaSetState": [MockFunction],
        "metaTimeoutError": [MockFunction],
        "metaToggleDelete": [MockFunction],
        "pollAddOption": [MockFunction],
        "pollCastVote": [MockFunction],
        "pollRemoveOption": [MockFunction],
        "pollRemoveVote": [MockFunction],
        "pollToggleFlag": [MockFunction],
        "pollToggleHide": [MockFunction],
        "pollToggleSecret": [MockFunction],
        "viewClearState": [MockFunction],
        "viewSetAdd": [MockFunction],
        "viewToggleDelete": [MockFunction],
        "viewToggleSettings": [MockFunction],
      }
    }
    data={
      Object {
        "account": Object {
          "delete": false,
        },
        "errors": Array [],
        "form": Object {
          "add": "",
          "delete": false,
          "options": Array [],
          "secret": false,
          "title": "",
        },
        "list": Object {
          "data": Array [],
          "search": "",
        },
        "loading": 0,
        "log": Array [],
        "user": Object {},
        "view": Object {
          "add": "",
          "data": Array [],
          "delete": false,
          "settings": false,
        },
      }
    }
    history={
      Object {
        "push": [MockFunction],
      }
    }
    location={Object {}}
    match={Object {}}
    staticContext={Object {}}
  />
  <FormOptions
    actions={
      Object {
        "formAddOption": [MockFunction],
        "formCheckTitle": [MockFunction],
        "formClearState": [MockFunction],
        "formRemoveOption": [MockFunction],
        "formSetAdd": [MockFunction],
        "formSetTitle": [MockFunction],
        "formToggleDelete": [MockFunction],
        "formToggleSecret": [MockFunction],
        "listClearState": [MockFunction],
        "listSetSearch": [MockFunction],
        "metaAddErrors": [MockFunction],
        "metaCloseError": [MockFunction],
        "metaCreatePoll": [MockFunction],
        "metaDeletePoll": [MockFunction],
        "metaGetPollItem": [MockFunction],
        "metaGetPollList": [MockFunction],
        "metaGetUser": [MockFunction],
        "metaLogAction": [MockFunction],
        "metaNoOp": [MockFunction],
        "metaSetLoading": [MockFunction],
        "metaSetState": [MockFunction],
        "metaTimeoutError": [MockFunction],
        "metaToggleDelete": [MockFunction],
        "pollAddOption": [MockFunction],
        "pollCastVote": [MockFunction],
        "pollRemoveOption": [MockFunction],
        "pollRemoveVote": [MockFunction],
        "pollToggleFlag": [MockFunction],
        "pollToggleHide": [MockFunction],
        "pollToggleSecret": [MockFunction],
        "viewClearState": [MockFunction],
        "viewSetAdd": [MockFunction],
        "viewToggleDelete": [MockFunction],
        "viewToggleSettings": [MockFunction],
      }
    }
    data={
      Object {
        "account": Object {
          "delete": false,
        },
        "errors": Array [],
        "form": Object {
          "add": "",
          "delete": false,
          "options": Array [],
          "secret": false,
          "title": "",
        },
        "list": Object {
          "data": Array [],
          "search": "",
        },
        "loading": 0,
        "log": Array [],
        "user": Object {},
        "view": Object {
          "add": "",
          "data": Array [],
          "delete": false,
          "settings": false,
        },
      }
    }
    history={
      Object {
        "push": [MockFunction],
      }
    }
    location={Object {}}
    match={Object {}}
    staticContext={Object {}}
  />
</Fragment>
`;
