// Jest Snapshot v1, https://goo.gl/fbAQLP

exports[`ui should match snapshot 1`] = `
<div
  className="c-ui"
>
  <NavBar
    actions={
      Object {
        "formAddOption": [MockFunction],
        "formClearState": [MockFunction],
        "formRemoveOption": [MockFunction],
        "formSetAdd": [MockFunction],
        "formSetTitle": [MockFunction],
        "formToggleConfirm": [MockFunction],
        "formToggleSecret": [MockFunction],
        "listClearState": [MockFunction],
        "listSetSearch": [MockFunction],
        "metaAddErrors": [MockFunction],
        "metaCloseError": [MockFunction],
        "metaCreatePoll": [MockFunction],
        "metaDeletePoll": [MockFunction],
        "metaGetPolls": [MockFunction],
        "metaGetUser": [MockFunction],
        "metaNoOp": [MockFunction],
        "metaSetLoading": [MockFunction],
        "metaSetState": [MockFunction],
        "metaTimeoutError": [MockFunction],
        "pollAddOption": [MockFunction],
        "pollCastVote": [MockFunction],
        "pollRemoveOption": [MockFunction],
        "pollToggleFlag": [MockFunction],
        "pollToggleHide": [MockFunction],
        "pollToggleSecret": [MockFunction],
        "viewClearState": [MockFunction],
        "viewSetAdd": [MockFunction],
        "viewToggleConfirm": [MockFunction],
        "viewToggleSettings": [MockFunction],
      }
    }
    data={
      Object {
        "errors": Array [],
        "form": Object {
          "add": "",
          "confirm": false,
          "options": Array [],
          "secret": false,
          "title": "",
        },
        "list": Object {
          "search": "",
        },
        "loading": false,
        "polls": Array [],
        "user": Object {},
        "view": Object {
          "add": "",
          "confirm": false,
          "settings": false,
        },
      }
    }
    history={
      Object {
        "push": [MockFunction],
      }
    }
  />
  <Sidebar
    actions={
      Object {
        "formAddOption": [MockFunction],
        "formClearState": [MockFunction],
        "formRemoveOption": [MockFunction],
        "formSetAdd": [MockFunction],
        "formSetTitle": [MockFunction],
        "formToggleConfirm": [MockFunction],
        "formToggleSecret": [MockFunction],
        "listClearState": [MockFunction],
        "listSetSearch": [MockFunction],
        "metaAddErrors": [MockFunction],
        "metaCloseError": [MockFunction],
        "metaCreatePoll": [MockFunction],
        "metaDeletePoll": [MockFunction],
        "metaGetPolls": [MockFunction],
        "metaGetUser": [MockFunction],
        "metaNoOp": [MockFunction],
        "metaSetLoading": [MockFunction],
        "metaSetState": [MockFunction],
        "metaTimeoutError": [MockFunction],
        "pollAddOption": [MockFunction],
        "pollCastVote": [MockFunction],
        "pollRemoveOption": [MockFunction],
        "pollToggleFlag": [MockFunction],
        "pollToggleHide": [MockFunction],
        "pollToggleSecret": [MockFunction],
        "viewClearState": [MockFunction],
        "viewSetAdd": [MockFunction],
        "viewToggleConfirm": [MockFunction],
        "viewToggleSettings": [MockFunction],
      }
    }
    data={
      Object {
        "errors": Array [],
        "form": Object {
          "add": "",
          "confirm": false,
          "options": Array [],
          "secret": false,
          "title": "",
        },
        "list": Object {
          "search": "",
        },
        "loading": false,
        "polls": Array [],
        "user": Object {},
        "view": Object {
          "add": "",
          "confirm": false,
          "settings": false,
        },
      }
    }
    history={
      Object {
        "push": [MockFunction],
      }
    }
  />
  <Route
    component={[Function]}
    exact={true}
    path="/"
  />
  <Route
    component={[Function]}
    path="/list"
  />
  <Route
    component={[Function]}
    path="/form"
  />
  <Route
    component={[Function]}
    path="/view"
  />
</div>
`;
