// Jest Snapshot v1, https://goo.gl/fbAQLP

exports[`friend list should match snapshot (default) 1`] = `
<MetaList
  local={
    Object {
      "heading": "Friend Requests",
      "list": Array [],
      "refresh": [MockFunction],
      "type": "friend",
    }
  }
/>
`;

exports[`friend list should match snapshot (list) 1`] = `
<MetaList
  local={
    Object {
      "heading": "Friend Requests",
      "list": Array [
        <FriendItem
          actions={
            Object {
              "favoriteAdd": [MockFunction],
              "favoriteRemove": [MockFunction],
              "friendAdd": [MockFunction],
              "friendConfirm": [MockFunction],
              "friendDismiss": [MockFunction],
              "friendGetList": [MockFunction],
              "friendRemove": [MockFunction],
              "metaAddErrors": [MockFunction],
              "metaCloseError": [MockFunction],
              "metaGetUser": [MockFunction],
              "metaNoOp": [MockFunction],
              "metaSaveAddress": [MockFunction],
              "metaSaveAvatar": [MockFunction],
              "metaSetAddress": [MockFunction],
              "metaSetAvatar": [MockFunction],
              "metaSetLoading": [MockFunction],
              "metaSetState": [MockFunction],
              "metaTimeoutError": [MockFunction],
              "metaToggleDelete": [MockFunction],
              "metaToggleLoaded": [MockFunction],
              "metaToggleSettings": [MockFunction],
              "rsvpAdd": [MockFunction],
              "rsvpDismiss": [MockFunction],
              "rsvpGetList": [MockFunction],
              "rsvpRemove": [MockFunction],
              "userClearState": [MockFunction],
              "userGetItem": [MockFunction],
              "userGetList": [MockFunction],
              "userSetSearch": [MockFunction],
              "userToggleBlock": [MockFunction],
              "userToggleRange": [MockFunction],
              "venueClearState": [MockFunction],
              "venueGetItem": [MockFunction],
              "venueGetList": [MockFunction],
              "venueSetMessage": [MockFunction],
              "venueSetPause": [MockFunction],
              "venueSetPhoto": [MockFunction],
              "venueSetSearch": [MockFunction],
              "venueSetStart": [MockFunction],
              "venueSetTime": [MockFunction],
              "venueToggleForm": [MockFunction],
              "venueToggleRange": [MockFunction],
              "venueToggleSort": [MockFunction],
            }
          }
          data={
            Object {
              "account": Object {
                "address": "",
                "avatar": "",
                "delete": false,
                "loaded": false,
                "settings": false,
              },
              "errors": Array [],
              "loading": false,
              "notifications": Object {
                "friends": Array [
                  Object {
                    "confirmed": false,
                    "date": 0,
                    "from": Object {
                      "id": "",
                      "name": "",
                    },
                    "hidden": Array [],
                    "id": "",
                    "to": Object {
                      "id": "",
                      "name": "",
                    },
                  },
                ],
                "rsvps": Array [],
              },
              "user": Object {},
              "users": Object {
                "data": Array [],
                "list": Object {
                  "range": false,
                  "search": "",
                },
              },
              "venues": Object {
                "data": Array [],
                "list": Object {
                  "range": false,
                  "search": "",
                  "sort": false,
                },
                "page": Object {
                  "form": false,
                  "message": "",
                  "photos": Object {
                    "pause": false,
                    "photo": null,
                    "start": false,
                  },
                  "time": "",
                },
              },
            }
          }
          history={
            Object {
              "push": [MockFunction],
            }
          }
          local={
            Object {
              "friend": Object {
                "confirmed": false,
                "date": 0,
                "from": Object {
                  "id": "",
                  "name": "",
                },
                "hidden": Array [],
                "id": "",
                "to": Object {
                  "id": "",
                  "name": "",
                },
              },
            }
          }
          location={Object {}}
          match={Object {}}
          staticContext={Object {}}
        />,
      ],
      "refresh": [MockFunction],
      "type": "friend",
    }
  }
/>
`;
