// Jest Snapshot v1, https://goo.gl/fbAQLP

exports[`PollInput (form) should match snapshot 1`] = `
<div
  className="c-poll-options__input-box"
>
  <input
    className="c-poll-options__input qa-option-input u-margin-right"
    maxLength="100"
    onChange={[Function]}
    placeholder="New Option (Up to 20)"
    value=""
  />
  <button
    className="c-poll-options__submit qa-option-submit"
    onClick={[Function]}
  >
    Add
  </button>
</div>
`;

exports[`PollInput (view) should match snapshot 1`] = `
<div
  className="c-poll-options__input-box"
>
  <input
    className="c-poll-options__input qa-option-input u-margin-right"
    maxLength="100"
    onChange={[Function]}
    placeholder="New Option (Up to 20)"
    value=""
  />
  <button
    className="c-poll-options__submit qa-option-submit"
    onClick={[Function]}
  >
    Add
  </button>
</div>
`;
