// Jest Snapshot v1, https://goo.gl/fbAQLP

exports[`MetaItem should match snapshot 1`] = `
<div
  className="c-note-item"
>
  <div
    className="c-note-item__info"
  >
    <div />
    <p
      className="u-margin-none"
    >
      31 December 1969
    </p>
  </div>
  <div
    className="c-note-item__actions"
  >
    <button
      className="c-icon-button qa-action-item"
      key="0-425"
      onClick={[Function]}
    >
      <i
        className="icon"
      />
    </button>
  </div>
</div>
`;
