// Jest Snapshot v1, https://goo.gl/fbAQLP

exports[`pollCastVote sends noop if successful (no ip user exists) 1`] = `
Object {
  "_id": "[CENSORED]",
  "id": "[CENSORED]",
  "ip": "0.0.0.0",
  "type": "ip",
}
`;

exports[`pollToggleHide sends noop if successful (no ip user exists) 1`] = `
Object {
  "_id": "[CENSORED]",
  "id": "[CENSORED]",
  "ip": "0.0.0.0",
  "type": "ip",
}
`;
